[      56ms] [INFO] [2026-05-27T12:18:54.148Z] Information: Normalizing '_blazor' to 'http://localhost:8080/_blazor'. @ http://localhost:8080/_framework/blazor.web.ej96puwv3k.js:0
[      67ms] [INFO] [2026-05-27T12:18:54.159Z] Information: WebSocket connected to ws://localhost:8080/_blazor?id=dQYASEjjmYpl4ov8EfrPzA. @ http://localhost:8080/_framework/blazor.web.ej96puwv3k.js:0
[  216803ms] [ERROR] [2026-05-27T12:22:30.895Z] Error: Connection disconnected with error 'Error: WebSocket closed with status code: 1006 (no reason given).'. @ http://localhost:8080/_framework/blazor.web.ej96puwv3k.js:0
[  216804ms] [INFO] [2026-05-27T12:22:30.896Z] Information: Normalizing '_blazor' to 'http://localhost:8080/_blazor'. @ http://localhost:8080/_framework/blazor.web.ej96puwv3k.js:0
[  216805ms] [ERROR] Failed to load resource: net::ERR_CONNECTION_RESET @ http://localhost:8080/_blazor/negotiate?negotiateVersion=1:0
[  216805ms] [WARNING] [2026-05-27T12:22:30.898Z] Warning: Error from HTTP request. TypeError: Failed to fetch. @ http://localhost:8080/_framework/blazor.web.ej96puwv3k.js:0
[  216805ms] [ERROR] [2026-05-27T12:22:30.898Z] Error: Failed to complete negotiation with the server: TypeError: Failed to fetch @ http://localhost:8080/_framework/blazor.web.ej96puwv3k.js:0
[  216805ms] [ERROR] [2026-05-27T12:22:30.898Z] Error: Failed to start the connection: Error: Failed to complete negotiation with the server: TypeError: Failed to fetch @ http://localhost:8080/_framework/blazor.web.ej96puwv3k.js:0
[  216805ms] [ERROR] [2026-05-27T12:22:30.898Z] Error: Error: Failed to complete negotiation with the server: TypeError: Failed to fetch @ http://localhost:8080/_framework/blazor.web.ej96puwv3k.js:0
[  216805ms] [ERROR] [2026-05-27T12:22:30.898Z] Error: Error: Failed to complete negotiation with the server: TypeError: Failed to fetch @ http://localhost:8080/_framework/blazor.web.ej96puwv3k.js:0
[  216805ms] [INFO] [2026-05-27T12:22:30.898Z] Information: Normalizing '_blazor' to 'http://localhost:8080/_blazor'. @ http://localhost:8080/_framework/blazor.web.ej96puwv3k.js:0
[  216807ms] [ERROR] Failed to load resource: net::ERR_CONNECTION_RESET @ http://localhost:8080/_blazor/negotiate?negotiateVersion=1:0
[  216807ms] [WARNING] [2026-05-27T12:22:30.899Z] Warning: Error from HTTP request. TypeError: Failed to fetch. @ http://localhost:8080/_framework/blazor.web.ej96puwv3k.js:0
[  216807ms] [ERROR] [2026-05-27T12:22:30.899Z] Error: Failed to complete negotiation with the server: TypeError: Failed to fetch @ http://localhost:8080/_framework/blazor.web.ej96puwv3k.js:0
[  216807ms] [ERROR] [2026-05-27T12:22:30.899Z] Error: Failed to start the connection: Error: Failed to complete negotiation with the server: TypeError: Failed to fetch @ http://localhost:8080/_framework/blazor.web.ej96puwv3k.js:0
[  216807ms] [ERROR] [2026-05-27T12:22:30.899Z] Error: Error: Failed to complete negotiation with the server: TypeError: Failed to fetch @ http://localhost:8080/_framework/blazor.web.ej96puwv3k.js:0
[  216807ms] [ERROR] [2026-05-27T12:22:30.899Z] Error: Error: Failed to complete negotiation with the server: TypeError: Failed to fetch @ http://localhost:8080/_framework/blazor.web.ej96puwv3k.js:0
[  216807ms] [INFO] [2026-05-27T12:22:30.899Z] Information: Normalizing '_blazor' to 'http://localhost:8080/_blazor'. @ http://localhost:8080/_framework/blazor.web.ej96puwv3k.js:0
[  216808ms] [ERROR] Failed to load resource: net::ERR_CONNECTION_RESET @ http://localhost:8080/_blazor/negotiate?negotiateVersion=1:0
[  216808ms] [WARNING] [2026-05-27T12:22:30.900Z] Warning: Error from HTTP request. TypeError: Failed to fetch. @ http://localhost:8080/_framework/blazor.web.ej96puwv3k.js:0
[  216808ms] [ERROR] [2026-05-27T12:22:30.901Z] Error: Failed to complete negotiation with the server: TypeError: Failed to fetch @ http://localhost:8080/_framework/blazor.web.ej96puwv3k.js:0
[  216808ms] [ERROR] [2026-05-27T12:22:30.901Z] Error: Failed to start the connection: Error: Failed to complete negotiation with the server: TypeError: Failed to fetch @ http://localhost:8080/_framework/blazor.web.ej96puwv3k.js:0
[  216808ms] [ERROR] [2026-05-27T12:22:30.901Z] Error: Error: Failed to complete negotiation with the server: TypeError: Failed to fetch @ http://localhost:8080/_framework/blazor.web.ej96puwv3k.js:0
[  216808ms] [ERROR] [2026-05-27T12:22:30.901Z] Error: Error: Failed to complete negotiation with the server: TypeError: Failed to fetch @ http://localhost:8080/_framework/blazor.web.ej96puwv3k.js:0
[  216808ms] [INFO] [2026-05-27T12:22:30.901Z] Information: Normalizing '_blazor' to 'http://localhost:8080/_blazor'. @ http://localhost:8080/_framework/blazor.web.ej96puwv3k.js:0
[  216809ms] [ERROR] Failed to load resource: net::ERR_CONNECTION_RESET @ http://localhost:8080/_blazor/negotiate?negotiateVersion=1:0
[  216809ms] [WARNING] [2026-05-27T12:22:30.901Z] Warning: Error from HTTP request. TypeError: Failed to fetch. @ http://localhost:8080/_framework/blazor.web.ej96puwv3k.js:0
[  216809ms] [ERROR] [2026-05-27T12:22:30.902Z] Error: Failed to complete negotiation with the server: TypeError: Failed to fetch @ http://localhost:8080/_framework/blazor.web.ej96puwv3k.js:0
[  216809ms] [ERROR] [2026-05-27T12:22:30.902Z] Error: Failed to start the connection: Error: Failed to complete negotiation with the server: TypeError: Failed to fetch @ http://localhost:8080/_framework/blazor.web.ej96puwv3k.js:0
[  216809ms] [ERROR] [2026-05-27T12:22:30.902Z] Error: Error: Failed to complete negotiation with the server: TypeError: Failed to fetch @ http://localhost:8080/_framework/blazor.web.ej96puwv3k.js:0
[  216809ms] [ERROR] [2026-05-27T12:22:30.902Z] Error: Error: Failed to complete negotiation with the server: TypeError: Failed to fetch @ http://localhost:8080/_framework/blazor.web.ej96puwv3k.js:0
[  216809ms] [INFO] [2026-05-27T12:22:30.902Z] Information: Normalizing '_blazor' to 'http://localhost:8080/_blazor'. @ http://localhost:8080/_framework/blazor.web.ej96puwv3k.js:0
[  216810ms] [ERROR] Failed to load resource: net::ERR_CONNECTION_RESET @ http://localhost:8080/_blazor/negotiate?negotiateVersion=1:0
[  216810ms] [WARNING] [2026-05-27T12:22:30.903Z] Warning: Error from HTTP request. TypeError: Failed to fetch. @ http://localhost:8080/_framework/blazor.web.ej96puwv3k.js:0
[  216810ms] [ERROR] [2026-05-27T12:22:30.903Z] Error: Failed to complete negotiation with the server: TypeError: Failed to fetch @ http://localhost:8080/_framework/blazor.web.ej96puwv3k.js:0
[  216810ms] [ERROR] [2026-05-27T12:22:30.903Z] Error: Failed to start the connection: Error: Failed to complete negotiation with the server: TypeError: Failed to fetch @ http://localhost:8080/_framework/blazor.web.ej96puwv3k.js:0
[  216810ms] [ERROR] [2026-05-27T12:22:30.903Z] Error: Error: Failed to complete negotiation with the server: TypeError: Failed to fetch @ http://localhost:8080/_framework/blazor.web.ej96puwv3k.js:0
[  216810ms] [ERROR] [2026-05-27T12:22:30.903Z] Error: Error: Failed to complete negotiation with the server: TypeError: Failed to fetch @ http://localhost:8080/_framework/blazor.web.ej96puwv3k.js:0
[  216810ms] [INFO] [2026-05-27T12:22:30.903Z] Information: Normalizing '_blazor' to 'http://localhost:8080/_blazor'. @ http://localhost:8080/_framework/blazor.web.ej96puwv3k.js:0
[  216812ms] [ERROR] Failed to load resource: net::ERR_CONNECTION_RESET @ http://localhost:8080/_blazor/negotiate?negotiateVersion=1:0
[  216812ms] [WARNING] [2026-05-27T12:22:30.904Z] Warning: Error from HTTP request. TypeError: Failed to fetch. @ http://localhost:8080/_framework/blazor.web.ej96puwv3k.js:0
[  216812ms] [ERROR] [2026-05-27T12:22:30.904Z] Error: Failed to complete negotiation with the server: TypeError: Failed to fetch @ http://localhost:8080/_framework/blazor.web.ej96puwv3k.js:0
[  216812ms] [ERROR] [2026-05-27T12:22:30.904Z] Error: Failed to start the connection: Error: Failed to complete negotiation with the server: TypeError: Failed to fetch @ http://localhost:8080/_framework/blazor.web.ej96puwv3k.js:0
[  216812ms] [ERROR] [2026-05-27T12:22:30.904Z] Error: Error: Failed to complete negotiation with the server: TypeError: Failed to fetch @ http://localhost:8080/_framework/blazor.web.ej96puwv3k.js:0
[  216812ms] [ERROR] [2026-05-27T12:22:30.904Z] Error: Error: Failed to complete negotiation with the server: TypeError: Failed to fetch @ http://localhost:8080/_framework/blazor.web.ej96puwv3k.js:0
[  216812ms] [INFO] [2026-05-27T12:22:30.904Z] Information: Normalizing '_blazor' to 'http://localhost:8080/_blazor'. @ http://localhost:8080/_framework/blazor.web.ej96puwv3k.js:0
[  216812ms] [ERROR] Failed to load resource: net::ERR_CONNECTION_RESET @ http://localhost:8080/_blazor/negotiate?negotiateVersion=1:0
[  216812ms] [WARNING] [2026-05-27T12:22:30.905Z] Warning: Error from HTTP request. TypeError: Failed to fetch. @ http://localhost:8080/_framework/blazor.web.ej96puwv3k.js:0
[  216812ms] [ERROR] [2026-05-27T12:22:30.905Z] Error: Failed to complete negotiation with the server: TypeError: Failed to fetch @ http://localhost:8080/_framework/blazor.web.ej96puwv3k.js:0
[  216812ms] [ERROR] [2026-05-27T12:22:30.905Z] Error: Failed to start the connection: Error: Failed to complete negotiation with the server: TypeError: Failed to fetch @ http://localhost:8080/_framework/blazor.web.ej96puwv3k.js:0
[  216813ms] [ERROR] [2026-05-27T12:22:30.905Z] Error: Error: Failed to complete negotiation with the server: TypeError: Failed to fetch @ http://localhost:8080/_framework/blazor.web.ej96puwv3k.js:0
[  216813ms] [ERROR] [2026-05-27T12:22:30.905Z] Error: Error: Failed to complete negotiation with the server: TypeError: Failed to fetch @ http://localhost:8080/_framework/blazor.web.ej96puwv3k.js:0
[  216813ms] [INFO] [2026-05-27T12:22:30.905Z] Information: Normalizing '_blazor' to 'http://localhost:8080/_blazor'. @ http://localhost:8080/_framework/blazor.web.ej96puwv3k.js:0
[  216813ms] [ERROR] Failed to load resource: net::ERR_CONNECTION_RESET @ http://localhost:8080/_blazor/negotiate?negotiateVersion=1:0
[  216813ms] [WARNING] [2026-05-27T12:22:30.906Z] Warning: Error from HTTP request. TypeError: Failed to fetch. @ http://localhost:8080/_framework/blazor.web.ej96puwv3k.js:0
[  216813ms] [ERROR] [2026-05-27T12:22:30.906Z] Error: Failed to complete negotiation with the server: TypeError: Failed to fetch @ http://localhost:8080/_framework/blazor.web.ej96puwv3k.js:0
[  216813ms] [ERROR] [2026-05-27T12:22:30.906Z] Error: Failed to start the connection: Error: Failed to complete negotiation with the server: TypeError: Failed to fetch @ http://localhost:8080/_framework/blazor.web.ej96puwv3k.js:0
[  216813ms] [ERROR] [2026-05-27T12:22:30.906Z] Error: Error: Failed to complete negotiation with the server: TypeError: Failed to fetch @ http://localhost:8080/_framework/blazor.web.ej96puwv3k.js:0
[  216813ms] [ERROR] [2026-05-27T12:22:30.906Z] Error: Error: Failed to complete negotiation with the server: TypeError: Failed to fetch @ http://localhost:8080/_framework/blazor.web.ej96puwv3k.js:0
[  216813ms] [INFO] [2026-05-27T12:22:30.906Z] Information: Normalizing '_blazor' to 'http://localhost:8080/_blazor'. @ http://localhost:8080/_framework/blazor.web.ej96puwv3k.js:0
[  216815ms] [ERROR] Failed to load resource: net::ERR_CONNECTION_RESET @ http://localhost:8080/_blazor/negotiate?negotiateVersion=1:0
[  216815ms] [WARNING] [2026-05-27T12:22:30.907Z] Warning: Error from HTTP request. TypeError: Failed to fetch. @ http://localhost:8080/_framework/blazor.web.ej96puwv3k.js:0
[  216815ms] [ERROR] [2026-05-27T12:22:30.907Z] Error: Failed to complete negotiation with the server: TypeError: Failed to fetch @ http://localhost:8080/_framework/blazor.web.ej96puwv3k.js:0
[  216815ms] [ERROR] [2026-05-27T12:22:30.907Z] Error: Failed to start the connection: Error: Failed to complete negotiation with the server: TypeError: Failed to fetch @ http://localhost:8080/_framework/blazor.web.ej96puwv3k.js:0
[  216815ms] [ERROR] [2026-05-27T12:22:30.907Z] Error: Error: Failed to complete negotiation with the server: TypeError: Failed to fetch @ http://localhost:8080/_framework/blazor.web.ej96puwv3k.js:0
[  216815ms] [ERROR] [2026-05-27T12:22:30.907Z] Error: Error: Failed to complete negotiation with the server: TypeError: Failed to fetch @ http://localhost:8080/_framework/blazor.web.ej96puwv3k.js:0
[  216815ms] [INFO] [2026-05-27T12:22:30.907Z] Information: Normalizing '_blazor' to 'http://localhost:8080/_blazor'. @ http://localhost:8080/_framework/blazor.web.ej96puwv3k.js:0
[  216816ms] [ERROR] Failed to load resource: net::ERR_CONNECTION_RESET @ http://localhost:8080/_blazor/negotiate?negotiateVersion=1:0
[  216816ms] [WARNING] [2026-05-27T12:22:30.909Z] Warning: Error from HTTP request. TypeError: Failed to fetch. @ http://localhost:8080/_framework/blazor.web.ej96puwv3k.js:0
[  216816ms] [ERROR] [2026-05-27T12:22:30.909Z] Error: Failed to complete negotiation with the server: TypeError: Failed to fetch @ http://localhost:8080/_framework/blazor.web.ej96puwv3k.js:0
[  216816ms] [ERROR] [2026-05-27T12:22:30.909Z] Error: Failed to start the connection: Error: Failed to complete negotiation with the server: TypeError: Failed to fetch @ http://localhost:8080/_framework/blazor.web.ej96puwv3k.js:0
[  216816ms] [ERROR] [2026-05-27T12:22:30.909Z] Error: Error: Failed to complete negotiation with the server: TypeError: Failed to fetch @ http://localhost:8080/_framework/blazor.web.ej96puwv3k.js:0
[  216816ms] [ERROR] [2026-05-27T12:22:30.909Z] Error: Error: Failed to complete negotiation with the server: TypeError: Failed to fetch @ http://localhost:8080/_framework/blazor.web.ej96puwv3k.js:0
[  221819ms] [INFO] [2026-05-27T12:22:35.911Z] Information: Normalizing '_blazor' to 'http://localhost:8080/_blazor'. @ http://localhost:8080/_framework/blazor.web.ej96puwv3k.js:0
[  221912ms] [INFO] [2026-05-27T12:22:36.005Z] Information: WebSocket connected to ws://localhost:8080/_blazor?id=HD4Vsvad5YziGX6XrWJthA. @ http://localhost:8080/_framework/blazor.web.ej96puwv3k.js:0
[  222003ms] [INFO] [2026-05-27T12:22:36.095Z] Information: Normalizing '_blazor' to 'http://localhost:8080/_blazor'. @ http://localhost:8080/_framework/blazor.web.ej96puwv3k.js:0
[  222007ms] [INFO] [2026-05-27T12:22:36.100Z] Information: WebSocket connected to ws://localhost:8080/_blazor?id=zypgPKWgnB0XUQxG6mFiaA. @ http://localhost:8080/_framework/blazor.web.ej96puwv3k.js:0
